[2026-04-27 12:38:18][INFO]: wp-config.php updated successfully.
[2026-04-28 05:14:42][INFO]: Purging homepage. Triggered by post type: post auto-draft draft
[2026-04-28 05:15:42][INFO]: Purging homepage. Triggered by post type: post draft draft
[2026-04-28 05:16:42][INFO]: Purging homepage. Triggered by post type: post draft draft
[2026-04-28 05:17:42][INFO]: Purging homepage. Triggered by post type: post draft draft
[2026-04-28 05:18:30][INFO]: Purging homepage. Triggered by post type: post draft publish
[2026-04-28 05:18:33][INFO]: Post updated [Post type - post]: https://www.gims.net.in/blog/2026/04/28/best-pgdm-colleges-delhi-ncr-learning-execution-gap/ publish
[2026-04-28 05:18:33][INFO]: Purging cache for term https://www.gims.net.in/blog/category/pgdm/
[2026-04-28 05:18:33][INFO]: Purging author cache: https://www.gims.net.in/blog/author/sharad/
[2026-04-28 05:24:00][INFO]: Purging homepage. Triggered by post type: post auto-draft draft
[2026-04-28 05:25:01][INFO]: Purging homepage. Triggered by post type: post draft draft
[2026-04-28 05:26:01][INFO]: Purging homepage. Triggered by post type: post draft draft
[2026-04-28 05:27:00][INFO]: Purging homepage. Triggered by post type: post draft draft
[2026-04-28 05:28:00][INFO]: Purging homepage. Triggered by post type: post draft draft
[2026-04-28 05:29:00][INFO]: Purging homepage. Triggered by post type: post draft draft
[2026-04-28 05:29:05][INFO]: Purging homepage. Triggered by post type: post draft publish
[2026-04-28 05:29:08][INFO]: Post updated [Post type - post]: https://www.gims.net.in/blog/2026/04/28/top-pgdm-colleges-in-india-based-on-student/ publish
[2026-04-28 05:29:08][INFO]: Purging cache for term https://www.gims.net.in/blog/category/pgdm/
[2026-04-28 05:29:08][INFO]: Purging author cache: https://www.gims.net.in/blog/author/sharad/
[2026-04-28 05:29:30][INFO]: Post updated [Post type - post]: https://www.gims.net.in/blog/2026/04/28/top-pgdm-colleges-in-india-based-on-students/ publish
[2026-04-28 05:29:30][INFO]: Purging cache for term https://www.gims.net.in/blog/category/pgdm/
[2026-04-28 05:29:30][INFO]: Purging author cache: https://www.gims.net.in/blog/author/sharad/
[2026-04-28 05:35:02][INFO]: Purging homepage. Triggered by post type: post auto-draft draft
[2026-04-28 05:36:02][INFO]: Purging homepage. Triggered by post type: post draft draft
[2026-04-28 05:37:02][INFO]: Purging homepage. Triggered by post type: post draft draft
[2026-04-28 05:38:02][INFO]: Purging homepage. Triggered by post type: post draft draft
[2026-04-28 05:39:03][INFO]: Purging homepage. Triggered by post type: post draft draft
[2026-04-28 05:39:48][INFO]: Purging homepage. Triggered by post type: post draft publish
[2026-04-28 05:39:50][INFO]: Post updated [Post type - post]: https://www.gims.net.in/blog/2026/04/28/tomba-college-in-delhi-ncr-based-on-decision-making-development/ publish
[2026-04-28 05:39:50][INFO]: Purging cache for term https://www.gims.net.in/blog/category/mba/
[2026-04-28 05:39:50][INFO]: Purging author cache: https://www.gims.net.in/blog/author/sharad/
[2026-04-28 06:00:51][INFO]: Purging homepage. Triggered by post type: post auto-draft draft
[2026-04-28 06:01:51][INFO]: Purging homepage. Triggered by post type: post draft draft
[2026-04-28 06:02:51][INFO]: Purging homepage. Triggered by post type: post draft draft
[2026-04-28 06:03:51][INFO]: Purging homepage. Triggered by post type: post draft draft
[2026-04-28 06:04:52][INFO]: Purging homepage. Triggered by post type: post draft draft
[2026-04-28 06:06:27][INFO]: Purging homepage. Triggered by post type: post draft publish
[2026-04-28 06:06:30][INFO]: Post updated [Post type - post]: https://www.gims.net.in/blog/2026/04/28/mba-colleges-india-opportunity-exposure-index/ publish
[2026-04-28 06:06:30][INFO]: Purging cache for term https://www.gims.net.in/blog/category/mba/
[2026-04-28 06:06:30][INFO]: Purging author cache: https://www.gims.net.in/blog/author/sharad/
[2026-04-29 10:14:33][INFO]: Purging homepage. Triggered by post type: post auto-draft draft
[2026-04-29 10:17:36][INFO]: Purging homepage. Triggered by post type: post draft draft
[2026-04-29 10:18:33][INFO]: Purging homepage. Triggered by post type: post draft draft
[2026-04-29 10:19:33][INFO]: Purging homepage. Triggered by post type: post draft draft
[2026-04-29 10:19:36][INFO]: Purging homepage. Triggered by post type: post draft publish
[2026-04-29 10:19:38][INFO]: Post updated [Post type - post]: https://www.gims.net.in/blog/2026/04/29/pgdm-graduates-fail-despite-good-colleges/ publish
[2026-04-29 10:19:38][INFO]: Purging cache for term https://www.gims.net.in/blog/category/pgdm/
[2026-04-29 10:19:38][INFO]: Purging author cache: https://www.gims.net.in/blog/author/sharad/
[2026-04-29 10:24:57][INFO]: Purging homepage. Triggered by post type: post auto-draft draft
[2026-04-29 10:25:57][INFO]: Purging homepage. Triggered by post type: post draft draft
[2026-04-29 10:26:58][INFO]: Purging homepage. Triggered by post type: post draft draft
[2026-04-29 10:29:59][INFO]: Purging homepage. Triggered by post type: post draft draft
[2026-04-29 10:30:59][INFO]: Purging homepage. Triggered by post type: post draft draft
[2026-04-29 10:31:28][INFO]: Purging homepage. Triggered by post type: post draft publish
[2026-04-29 10:31:31][INFO]: Post updated [Post type - post]: https://www.gims.net.in/blog/2026/04/29/pgdm-career-growth-non-linear-guide/ publish
[2026-04-29 10:31:31][INFO]: Purging cache for term https://www.gims.net.in/blog/category/pgdm/
[2026-04-29 10:31:31][INFO]: Purging author cache: https://www.gims.net.in/blog/author/sharad/
[2026-04-29 10:50:16][INFO]: wp-config.php updated successfully.
[2026-04-29 10:50:20][INFO]: wp-config.php updated successfully.
[2026-04-29 10:51:05][INFO]: wp-config.php updated successfully.
[2026-04-29 10:52:34][INFO]: wp-config.php updated successfully.
[2026-04-29 10:52:36][INFO]: wp-config.php updated successfully.
